
> ubi-monorepo@0.0.0 build C:\Projects\ubi-monorepo
> turbo run build

node.exe : ΓÇó turbo 2.7.2
At C:\Users\ofema\AppData\Roaming\npm\pnpm.ps1:24 char:5
+     & "node$exe"  "$basedir/node_modules/pnpm/bin/pnpm.cjs" $args
+     ~~~~~~~~~~~~~~~~~~~~~~~~~~~~~~~~~~~~~~~~~~~~~~~~~~~~~~~~~~~~~
    + CategoryInfo          : NotSpecified: (ΓÇó turbo 2.7.2:String) [], RemoteException
    + FullyQualifiedErrorId : NativeCommandError
 
ΓÇó Packages in scope: @ubi/admin-dashboard, @ubi/analytics, @ubi/api-client, @ubi/api-gateway, @ubi/contract-testing, @ubi/database, @ubi/design-tokens, @ubi/eslint-config, @ubi/fleet-portal, @ubi/food-service, @ubi/logger, @ubi/marketing-site, @ubi/merchant-portal, @ubi/notification-service, @ubi/payment-service, @ubi/performance, @ubi/realtime-gateway, @ubi/restaurant-portal, @ubi/testing, @ubi/typescript-config, @ubi/ui, @ubi/user-service, @ubi/utils, @ubi/web-app
ΓÇó Running build in 24 packages
ΓÇó Remote caching disabled
@ubi/realtime-gateway:build: cache hit, replaying logs 21d725390277739c
@ubi/realtime-gateway:build: 
@ubi/realtime-gateway:build: > @ubi/realtime-gateway@0.0.1 build C:\Projects\ubi-monorepo\services\realtime-gateway
@ubi/realtime-gateway:build: > tsc
@ubi/realtime-gateway:build: 
@ubi/performance:build: cache hit, replaying logs ad0991e75e2dd249
@ubi/performance:build: 
@ubi/performance:build: > @ubi/performance@1.0.0 build C:\Projects\ubi-monorepo\packages\performance
@ubi/performance:build: > webpack --config webpack.config.js
@ubi/performance:build: 
@ubi/performance:build: asset [1m[32mindex.js[39m[22m 21.2 KiB [1m[33m[compared for emit][39m[22m [1m[32m[minimized][39m[22m (name: index)
@ubi/performance:build: asset [1m[32msoak-test.js[39m[22m 10.6 KiB [1m[33m[compared for emit][39m[22m [1m[32m[minimized][39m[22m (name: soak-test)
@ubi/performance:build: asset [1m[32mapi-test.js[39m[22m 9.91 KiB [1m[33m[compared for emit][39m[22m [1m[32m[minimized][39m[22m (name: api-test)
@ubi/performance:build: asset [1m[32mspike-test.js[39m[22m 9.56 KiB [1m[33m[compared for emit][39m[22m [1m[32m[minimized][39m[22m (name: spike-test)
@ubi/performance:build: asset [1m[32mstress-test.js[39m[22m 9.29 KiB [1m[33m[compared for emit][39m[22m [1m[32m[minimized][39m[22m (name: stress-test)
@ubi/performance:build: asset [1m[32mload-test.js[39m[22m 9.25 KiB [1m[33m[compared for emit][39m[22m [1m[32m[minimized][39m[22m (name: load-test)
@ubi/performance:build: runtime modules 5.49 KiB 24 modules
@ubi/performance:build: orphan modules 23.6 KiB [1m[33m[orphan][39m[22m 5 modules
@ubi/performance:build: built modules 58.6 KiB [1m[33m[built][39m[22m
@ubi/performance:build:   cacheable modules 58.5 KiB
@ubi/performance:build:     modules by path [1m./src/tests/*.ts[39m[22m 28.2 KiB
@ubi/performance:build:       [1m./src/tests/api-test.ts[39m[22m 10.4 KiB [1m[33m[built][39m[22m [1m[33m[code generated][39m[22m
@ubi/performance:build:       + 4 modules
@ubi/performance:build:     modules by path [1m./src/*.ts[39m[22m 6.51 KiB
@ubi/performance:build:       [1m./src/index.ts[39m[22m 588 bytes [1m[33m[built][39m[22m [1m[33m[code generated][39m[22m
@ubi/performance:build:       [1m./src/config.ts[39m[22m 5.94 KiB [1m[33m[built][39m[22m [1m[33m[code generated][39m[22m
@ubi/performance:build:     [1m./src/helpers/index.ts + 5 modules[39m[22m 23.8 KiB [1m[33m[built][39m[22m [1m[33m[code generated][39m[22m
@ubi/performance:build:   modules by path [1mexternal "k6/[39m[22m 84 bytes
@ubi/performance:build:     [1mexternal "k6/http"[39m[22m 42 bytes [1m[33m[built][39m[22m [1m[33m[code generated][39m[22m
@ubi/performance:build:     [1mexternal "k6/metrics"[39m[22m 42 bytes [1m[33m[built][39m[22m [1m[33m[code generated][39m[22m
@ubi/performance:build:   [1mexternal "k6"[39m[22m 42 bytes [1m[33m[built][39m[22m [1m[33m[code generated][39m[22m
@ubi/performance:build: 
@ubi/performance:build: [1m[33mWARNING[39m[22m in [1m./src/index.ts[39m[22m [1m[32m12:0-54[39m[22m
@ubi/performance:build: [1mexport 'default' (reexported as 'apiTest') was [1m[31mnot found[39m[22m[1m in './tests/api-test' (possible exports: [1m[32mhandleSummary, options, testAuthEndpoints, testFoodEndpoints, testHealthEndpoint, testPaymentEndpoints, testRideEndpoints[39m[22m[1m)[39m[22m
@ubi/performance:build: 
@ubi/performance:build: webpack 5.104.1 compiled with [1m[33m1 warning[39m[22m in 3737 ms
@ubi/analytics:build: cache hit, replaying logs 008924b45e124d40
@ubi/analytics:build: 
@ubi/analytics:build: > @ubi/analytics@0.0.1 build C:\Projects\ubi-monorepo\packages\analytics
@ubi/analytics:build: > tsup
@ubi/analytics:build: 
@ubi/analytics:build: [34mCLI[39m Building entry: {"index":"src/index.ts","react":"src/react.tsx"}
@ubi/analytics:build: [34mCLI[39m Using tsconfig: tsconfig.json
@ubi/analytics:build: [34mCLI[39m tsup v8.5.1
@ubi/analytics:build: [34mCLI[39m Using tsup config: C:\Projects\ubi-monorepo\packages\analytics\tsup.config.ts
@ubi/analytics:build: [34mCLI[39m Target: es2022
@ubi/analytics:build: [34mCLI[39m Cleaning output folder
@ubi/analytics:build: [34mCJS[39m Build start
@ubi/analytics:build: [34mESM[39m Build start
@ubi/analytics:build: [32mESM[39m [1mdist\react.mjs     [22m[32m3.10 KB[39m
@ubi/analytics:build: [32mESM[39m [1mdist\index.mjs     [22m[32m12.60 KB[39m
@ubi/analytics:build: [32mESM[39m [1mdist\react.mjs.map [22m[32m7.67 KB[39m
@ubi/analytics:build: [32mESM[39m [1mdist\index.mjs.map [22m[32m35.17 KB[39m
@ubi/analytics:build: [32mESM[39m ΓÜí∩╕Å Build success in 853ms
@ubi/analytics:build: [32mCJS[39m [1mdist\index.js     [22m[32m12.84 KB[39m
@ubi/analytics:build: [32mCJS[39m [1mdist\react.js     [22m[32m3.41 KB[39m
@ubi/analytics:build: [32mCJS[39m [1mdist\index.js.map [22m[32m35.17 KB[39m
@ubi/analytics:build: [32mCJS[39m [1mdist\react.js.map [22m[32m7.76 KB[39m
@ubi/analytics:build: [32mCJS[39m ΓÜí∩╕Å Build success in 854ms
@ubi/logger:build: cache hit, replaying logs 2c525bbd0f2c7621
@ubi/logger:build: 
@ubi/logger:build: > @ubi/logger@0.0.1 build C:\Projects\ubi-monorepo\packages\logger
@ubi/logger:build: > tsup
@ubi/logger:build: 
@ubi/logger:build: [34mCLI[39m Building entry: src/index.ts
@ubi/logger:build: [34mCLI[39m Using tsconfig: tsconfig.json
@ubi/logger:build: [34mCLI[39m tsup v8.5.1
@ubi/logger:build: [34mCLI[39m Using tsup config: C:\Projects\ubi-monorepo\packages\logger\tsup.config.ts
@ubi/logger:build: [34mCLI[39m Target: es2022
@ubi/logger:build: [34mCLI[39m Cleaning output folder
@ubi/logger:build: [34mCJS[39m Build start
@ubi/logger:build: [34mESM[39m Build start
@ubi/logger:build: [32mESM[39m [1mdist\index.mjs     [22m[32m1.04 KB[39m
@ubi/logger:build: [32mESM[39m [1mdist\index.mjs.map [22m[32m2.95 KB[39m
@ubi/logger:build: [32mESM[39m ΓÜí∩╕Å Build success in 425ms
@ubi/logger:build: [32mCJS[39m [1mdist\index.js     [22m[32m1.36 KB[39m
@ubi/logger:build: [32mCJS[39m [1mdist\index.js.map [22m[32m2.96 KB[39m
@ubi/logger:build: [32mCJS[39m ΓÜí∩╕Å Build success in 427ms
@ubi/logger:build: [34mDTS[39m Build start
@ubi/logger:build: [32mDTS[39m ΓÜí∩╕Å Build success in 1722ms
@ubi/logger:build: [32mDTS[39m [1mdist\index.d.ts  [22m[32m1018.00 B[39m
@ubi/logger:build: [32mDTS[39m [1mdist\index.d.mts [22m[32m1018.00 B[39m
@ubi/api-client:build: cache hit, replaying logs 1eecee24e3d033b0
@ubi/api-client:build: 
@ubi/api-client:build: > @ubi/api-client@0.0.1 build C:\Projects\ubi-monorepo\packages\api
@ubi/api-client:build: > tsup
@ubi/api-client:build: 
@ubi/api-client:build: [34mCLI[39m Building entry: {"index":"src/index.ts","react":"src/react.ts"}
@ubi/api-client:build: [34mCLI[39m Using tsconfig: tsconfig.json
@ubi/api-client:build: [34mCLI[39m tsup v8.5.1
@ubi/api-client:build: [34mCLI[39m Using tsup config: C:\Projects\ubi-monorepo\packages\api\tsup.config.ts
@ubi/api-client:build: [34mCLI[39m Target: es2022
@ubi/api-client:build: [34mCLI[39m Cleaning output folder
@ubi/api-client:build: [34mCJS[39m Build start
@ubi/api-client:build: [34mESM[39m Build start
@ubi/api-client:build: [32mESM[39m [1mdist\react.mjs     [22m[32m4.21 KB[39m
@ubi/api-client:build: [32mESM[39m [1mdist\index.mjs     [22m[32m20.68 KB[39m
@ubi/api-client:build: [32mESM[39m [1mdist\index.mjs.map [22m[32m77.49 KB[39m
@ubi/api-client:build: [32mESM[39m [1mdist\react.mjs.map [22m[32m11.41 KB[39m
@ubi/api-client:build: [32mESM[39m ΓÜí∩╕Å Build success in 1340ms
@ubi/api-client:build: [32mCJS[39m [1mdist\index.js     [22m[32m21.32 KB[39m
@ubi/api-client:build: [32mCJS[39m [1mdist\react.js     [22m[32m4.74 KB[39m
@ubi/api-client:build: [32mCJS[39m [1mdist\index.js.map [22m[32m77.50 KB[39m
@ubi/api-client:build: [32mCJS[39m [1mdist\react.js.map [22m[32m11.43 KB[39m
@ubi/api-client:build: [32mCJS[39m ΓÜí∩╕Å Build success in 1341ms
@ubi/ui:build: cache hit, replaying logs 17e702bae3c655c5
@ubi/ui:build: 
@ubi/ui:build: > @ubi/ui@0.0.1 build C:\Projects\ubi-monorepo\packages\ui
@ubi/ui:build: > tsup
@ubi/ui:build: 
@ubi/ui:build: [34mCLI[39m Building entry: src/index.ts
@ubi/ui:build: [34mCLI[39m Using tsconfig: tsconfig.json
@ubi/ui:build: [34mCLI[39m tsup v8.5.1
@ubi/ui:build: [34mCLI[39m Using tsup config: C:\Projects\ubi-monorepo\packages\ui\tsup.config.ts
@ubi/ui:build: [34mCLI[39m Target: es2022
@ubi/ui:build: [34mCLI[39m Cleaning output folder
@ubi/ui:build: [34mCJS[39m Build start
@ubi/ui:build: [34mESM[39m Build start
@ubi/ui:build: dist/index.js (1:0): Module level directives cause errors when bundled, "use client" in "dist/index.js" was ignored.
@ubi/ui:build: dist/index.mjs (1:0): Module level directives cause errors when bundled, "use client" in "dist/index.mjs" was ignored.
@ubi/ui:build: [32mCJS[39m [1mdist\index.js     [22m[32m264.46 KB[39m
@ubi/ui:build: [32mCJS[39m [1mdist\index.js.map [22m[32m535.84 KB[39m
@ubi/ui:build: [32mCJS[39m ΓÜí∩╕Å Build success in 3244ms
@ubi/ui:build: [32mESM[39m [1mdist\index.mjs     [22m[32m242.79 KB[39m
@ubi/ui:build: [32mESM[39m [1mdist\index.mjs.map [22m[32m534.25 KB[39m
@ubi/ui:build: [32mESM[39m ΓÜí∩╕Å Build success in 3360ms
@ubi/testing:build: cache hit, replaying logs 00675a04713bab20
@ubi/testing:build: 
@ubi/testing:build: > @ubi/testing@0.0.1 build C:\Projects\ubi-monorepo\packages\testing
@ubi/testing:build: > tsup
@ubi/testing:build: 
@ubi/testing:build: [34mCLI[39m Building entry: {"index":"src/index.ts","vitest/index":"src/vitest/index.ts","mocks/index":"src/mocks/index.ts","fixtures/index":"src/fixtures/index.ts","factories/index":"src/factories/index.ts","matchers/index":"src/matchers/index.ts","msw/index":"src/msw/index.ts"}
@ubi/testing:build: [34mCLI[39m Using tsconfig: tsconfig.json
@ubi/testing:build: [34mCLI[39m tsup v8.5.1
@ubi/testing:build: [34mCLI[39m Using tsup config: C:\Projects\ubi-monorepo\packages\testing\tsup.config.ts
@ubi/testing:build: [34mCLI[39m Target: es2022
@ubi/testing:build: [34mCLI[39m Cleaning output folder
@ubi/testing:build: [34mESM[39m Build start
@ubi/testing:build: [32mESM[39m [1mdist\vitest\index.js    [22m[32m18.43 KB[39m
@ubi/testing:build: [32mESM[39m [1mdist\fixtures\index.js  [22m[32m38.08 KB[39m
@ubi/testing:build: [32mESM[39m [1mdist\mocks\index.js     [22m[32m71.76 KB[39m
@ubi/testing:build: [32mESM[39m [1mdist\factories\index.js [22m[32m39.40 KB[39m
@ubi/testing:build: [32mESM[39m [1mdist\msw\index.js       [22m[32m67.45 KB[39m
@ubi/testing:build: [32mESM[39m [1mdist\index.js           [22m[32m94.00 KB[39m
@ubi/testing:build: [32mESM[39m [1mdist\matchers\index.js  [22m[32m14.82 KB[39m
@ubi/testing:build: [32mESM[39m ΓÜí∩╕Å Build success in 1812ms
@ubi/design-tokens:build: cache hit, replaying logs c29cc9e8dc6cb3ae
@ubi/database:build: cache hit, replaying logs 8435e1fca02316d0
@ubi/design-tokens:build: 
@ubi/design-tokens:build: > @ubi/design-tokens@1.0.0 build C:\Projects\ubi-monorepo\packages\design-tokens
@ubi/design-tokens:build: > style-dictionary build --config style-dictionary.config.mjs && tsup
@ubi/design-tokens:build: 
@ubi/design-tokens:build: 
@ubi/design-tokens:build: Token collisions detected (244):
@ubi/design-tokens:build: Use log.verbosity "verbose" or use CLI option --verbose for more details.
@ubi/design-tokens:build: Refer to: https://styledictionary.com/reference/logging/
@ubi/design-tokens:build: 
@ubi/design-tokens:build: dart
@ubi/design-tokens:build: Γ£ö∩╕Ä dist/dart/tokens.dart
@ubi/design-tokens:build: 
@ubi/design-tokens:build: json
@ubi/design-tokens:build: Γ£ö∩╕Ä dist/json/tokens.json
@ubi/design-tokens:build: Γ£ö∩╕Ä dist/json/tokens.dark.json
@ubi/design-tokens:build: 
@ubi/design-tokens:build: tailwind
@ubi/design-tokens:build: Γ£ö∩╕Ä dist/tailwind/theme.ts
@ubi/design-tokens:build: 
@ubi/design-tokens:build: ts
@ubi/design-tokens:build: Γ£ö∩╕Ä dist/ts/tokens.ts
@ubi/design-tokens:build: Γ£ö∩╕Ä dist/ts/tokens.dark.ts
@ubi/design-tokens:build: 
@ubi/design-tokens:build: css
@ubi/design-tokens:build: Γ£ö∩╕Ä dist/css/tokens.css
@ubi/design-tokens:build: Γ£ö∩╕Ä dist/css/tokens.dark.css
@ubi/design-tokens:build: [34mCLI[39m Building entry: {"index":"dist/tailwind/theme.ts"}
@ubi/design-tokens:build: [34mCLI[39m Using tsconfig: tsconfig.json
@ubi/design-tokens:build: [34mCLI[39m tsup v8.5.1
@ubi/design-tokens:build: [34mCLI[39m Using tsup config: C:\Projects\ubi-monorepo\packages\design-tokens\tsup.config.ts
@ubi/design-tokens:build: [34mCLI[39m Building entry: src/index.ts
@ubi/design-tokens:build: [34mCLI[39m Using tsconfig: tsconfig.json
@ubi/design-tokens:build: [34mCLI[39m tsup v8.5.1
@ubi/design-tokens:build: [34mCLI[39m Using tsup config: C:\Projects\ubi-monorepo\packages\design-tokens\tsup.config.ts
@ubi/design-tokens:build: [34mCLI[39m Target: es2022
@ubi/design-tokens:build: [34mCJS[39m Build start
@ubi/design-tokens:build: [34mESM[39m Build start
@ubi/design-tokens:build: [34mCLI[39m Target: es2022
@ubi/design-tokens:build: [34mCJS[39m Build start
@ubi/design-tokens:build: [34mESM[39m Build start
@ubi/design-tokens:build: [32mCJS[39m [1mdist\tailwind\index.js [22m[32m6.68 KB[39m
@ubi/design-tokens:build: [32mCJS[39m ΓÜí∩╕Å Build success in 38ms
@ubi/design-tokens:build: [32mESM[39m [1mdist\tailwind\index.mjs [22m[32m5.69 KB[39m
@ubi/design-tokens:build: [32mESM[39m ΓÜí∩╕Å Build success in 44ms
@ubi/design-tokens:build: [32mCJS[39m [1mdist\index.js     [22m[32m10.79 KB[39m
@ubi/design-tokens:build: [32mCJS[39m [1mdist\index.js.map [22m[32m23.80 KB[39m
@ubi/design-tokens:build: [32mCJS[39m ΓÜí∩╕Å Build success in 140ms
@ubi/design-tokens:build: [32mESM[39m [1mdist\index.mjs     [22m[32m10.73 KB[39m
@ubi/design-tokens:build: [32mESM[39m [1mdist\index.mjs.map [22m[32m23.79 KB[39m
@ubi/design-tokens:build: [32mESM[39m ΓÜí∩╕Å Build success in 141ms
@ubi/database:build: 
@ubi/database:build: > @ubi/database@0.0.1 build C:\Projects\ubi-monorepo\packages\database
@ubi/database:build: > tsup
@ubi/database:build: 
@ubi/database:build: [34mCLI[39m Building entry: src/client.ts, src/index.ts
@ubi/database:build: [34mCLI[39m Using tsconfig: tsconfig.json
@ubi/database:build: [34mCLI[39m tsup v8.5.1
@ubi/database:build: [34mCLI[39m Using tsup config: C:\Projects\ubi-monorepo\packages\database\tsup.config.ts
@ubi/database:build: [34mCLI[39m Target: es2022
@ubi/database:build: [34mCLI[39m Cleaning output folder
@ubi/database:build: [34mCJS[39m Build start
@ubi/database:build: [34mESM[39m Build start
@ubi/database:build: [32mCJS[39m [1mdist\client.js     [22m[32m1.57 KB[39m
@ubi/database:build: [32mCJS[39m [1mdist\index.js      [22m[32m1.58 KB[39m
@ubi/database:build: [32mCJS[39m [1mdist\client.js.map [22m[32m1.39 KB[39m
@ubi/database:build: [32mCJS[39m [1mdist\index.js.map  [22m[32m1.62 KB[39m
@ubi/database:build: [32mCJS[39m ΓÜí∩╕Å Build success in 480ms
@ubi/database:build: [32mESM[39m [1mdist\client.mjs             [22m[32m181.00 B[39m
@ubi/database:build: [32mESM[39m [1mdist\chunk-O4IIXWW4.mjs     [22m[32m502.00 B[39m
@ubi/database:build: [32mESM[39m [1mdist\index.mjs              [22m[32m180.00 B[39m
@ubi/database:build: [32mESM[39m [1mdist\client.mjs.map         [22m[32m71.00 B[39m
@ubi/database:build: [32mESM[39m [1mdist\index.mjs.map          [22m[32m71.00 B[39m
@ubi/database:build: [32mESM[39m [1mdist\chunk-O4IIXWW4.mjs.map [22m[32m1.34 KB[39m
@ubi/database:build: [32mESM[39m ΓÜí∩╕Å Build success in 480ms
@ubi/database:build: [34mDTS[39m Build start
@ubi/database:build: [32mDTS[39m ΓÜí∩╕Å Build success in 5290ms
@ubi/database:build: [32mDTS[39m [1mdist\index.d.ts   [22m[32m1.03 KB[39m
@ubi/database:build: [32mDTS[39m [1mdist\client.d.ts  [22m[32m610.00 B[39m
@ubi/database:build: [32mDTS[39m [1mdist\index.d.mts  [22m[32m1.03 KB[39m
@ubi/database:build: [32mDTS[39m [1mdist\client.d.mts [22m[32m610.00 B[39m
@ubi/utils:build: cache hit, replaying logs 8786e62056bd0b8a
@ubi/utils:build: 
@ubi/utils:build: > @ubi/utils@0.0.1 build C:\Projects\ubi-monorepo\packages\utils
@ubi/utils:build: > tsup
@ubi/utils:build: 
@ubi/utils:build: [34mCLI[39m Building entry: src/index.ts
@ubi/utils:build: [34mCLI[39m Using tsconfig: tsconfig.json
@ubi/utils:build: [34mCLI[39m tsup v8.5.1
@ubi/utils:build: [34mCLI[39m Using tsup config: C:\Projects\ubi-monorepo\packages\utils\tsup.config.ts
@ubi/utils:build: [34mCLI[39m Target: es2022
@ubi/utils:build: [34mCLI[39m Cleaning output folder
@ubi/utils:build: [34mCJS[39m Build start
@ubi/utils:build: [34mESM[39m Build start
@ubi/utils:build: [34mDTS[39m Build start
@ubi/utils:build: [32mCJS[39m [1mdist\index.js     [22m[32m59.67 KB[39m
@ubi/utils:build: [32mCJS[39m [1mdist\index.js.map [22m[32m152.40 KB[39m
@ubi/utils:build: [32mCJS[39m ΓÜí∩╕Å Build success in 1567ms
@ubi/utils:build: [32mESM[39m [1mdist\index.mjs     [22m[32m55.32 KB[39m
@ubi/utils:build: [32mESM[39m [1mdist\index.mjs.map [22m[32m152.35 KB[39m
@ubi/utils:build: [32mESM[39m ΓÜí∩╕Å Build success in 1575ms
@ubi/utils:build: [32mDTS[39m ΓÜí∩╕Å Build success in 3602ms
@ubi/utils:build: [32mDTS[39m [1mdist\index.d.ts  [22m[32m56.32 KB[39m
@ubi/utils:build: [32mDTS[39m [1mdist\index.d.mts [22m[32m56.32 KB[39m
@ubi/marketing-site:build: cache miss, executing 1c52f29ac9b176fd
@ubi/fleet-portal:build: cache miss, executing d09c0b547c6d7b26
@ubi/admin-dashboard:build: cache miss, executing 3213eed1e5bda459
@ubi/user-service:build: cache hit, replaying logs 52fcc202070cdd4b
@ubi/api-gateway:build: cache hit, replaying logs ddf213ee8aabf91d
@ubi/user-service:build: 
@ubi/user-service:build: > @ubi/user-service@0.0.1 build C:\Projects\ubi-monorepo\services\user-service
@ubi/user-service:build: > tsup src/index.ts --format cjs,esm --dts --clean
@ubi/user-service:build: 
@ubi/user-service:build: [34mCLI[39m Building entry: src/index.ts
@ubi/user-service:build: [34mCLI[39m Using tsconfig: tsconfig.json
@ubi/user-service:build: [34mCLI[39m tsup v8.5.1
@ubi/user-service:build: [34mCLI[39m Target: es2022
@ubi/user-service:build: [34mCLI[39m Cleaning output folder
@ubi/user-service:build: [34mCJS[39m Build start
@ubi/user-service:build: [34mESM[39m Build start
@ubi/user-service:build: [33mCJS[39m [33mYou have emitDecoratorMetadata enabled but @swc/core was not installed, skipping swc plugin[39m
@ubi/user-service:build: [33mESM[39m [33mYou have emitDecoratorMetadata enabled but @swc/core was not installed, skipping swc plugin[39m
@ubi/user-service:build: [34mDTS[39m Build start
@ubi/user-service:build: [32mESM[39m [1mdist\index.mjs [22m[32m42.50 KB[39m
@ubi/user-service:build: [32mESM[39m ΓÜí∩╕Å Build success in 2617ms
@ubi/user-service:build: [32mCJS[39m [1mdist\index.js [22m[32m46.27 KB[39m
@ubi/user-service:build: [32mCJS[39m ΓÜí∩╕Å Build success in 2700ms
@ubi/user-service:build: [32mDTS[39m ΓÜí∩╕Å Build success in 12606ms
@ubi/user-service:build: [32mDTS[39m [1mdist\index.d.ts  [22m[32m175.00 B[39m
@ubi/user-service:build: [32mDTS[39m [1mdist\index.d.mts [22m[32m175.00 B[39m
@ubi/api-gateway:build: 
@ubi/api-gateway:build: > @ubi/api-gateway@0.0.1 build C:\Projects\ubi-monorepo\services\api-gateway
@ubi/api-gateway:build: > tsup src/index.ts --format cjs,esm --dts --clean
@ubi/api-gateway:build: 
@ubi/api-gateway:build: [34mCLI[39m Building entry: src/index.ts
@ubi/api-gateway:build: [34mCLI[39m Using tsconfig: tsconfig.json
@ubi/api-gateway:build: [34mCLI[39m tsup v8.5.1
@ubi/api-gateway:build: [34mCLI[39m Target: es2022
@ubi/api-gateway:build: [34mCLI[39m Cleaning output folder
@ubi/api-gateway:build: [34mCJS[39m Build start
@ubi/api-gateway:build: [34mESM[39m Build start
@ubi/api-gateway:build: [33mCJS[39m [33mYou have emitDecoratorMetadata enabled but @swc/core was not installed, skipping swc plugin[39m
@ubi/api-gateway:build: [33mESM[39m [33mYou have emitDecoratorMetadata enabled but @swc/core was not installed, skipping swc plugin[39m
@ubi/api-gateway:build: [34mDTS[39m Build start
@ubi/api-gateway:build: [32mCJS[39m [1mdist\index.js [22m[32m21.83 KB[39m
@ubi/api-gateway:build: [32mCJS[39m ΓÜí∩╕Å Build success in 3071ms
@ubi/api-gateway:build: [32mESM[39m [1mdist\index.mjs [22m[32m19.94 KB[39m
@ubi/api-gateway:build: [32mESM[39m ΓÜí∩╕Å Build success in 3071ms
@ubi/api-gateway:build: [32mDTS[39m ΓÜí∩╕Å Build success in 7905ms
@ubi/api-gateway:build: [32mDTS[39m [1mdist\index.d.ts  [22m[32m175.00 B[39m
@ubi/api-gateway:build: [32mDTS[39m [1mdist\index.d.mts [22m[32m175.00 B[39m
@ubi/web-app:build: cache miss, executing a5952ba9bde15fff
@ubi/food-service:build: cache hit, replaying logs eee46758b73a8264
@ubi/food-service:build: 
@ubi/food-service:build: > @ubi/food-service@0.0.1 build C:\Projects\ubi-monorepo\services\food-service
@ubi/food-service:build: > tsup src/index.ts --format cjs,esm --dts --clean
@ubi/food-service:build: 
@ubi/food-service:build: [34mCLI[39m Building entry: src/index.ts
@ubi/food-service:build: [34mCLI[39m Using tsconfig: tsconfig.json
@ubi/food-service:build: [34mCLI[39m tsup v8.5.1
@ubi/food-service:build: [34mCLI[39m Target: es2022
@ubi/food-service:build: [34mCLI[39m Cleaning output folder
@ubi/food-service:build: [34mCJS[39m Build start
@ubi/food-service:build: [34mESM[39m Build start
@ubi/food-service:build: [33mCJS[39m [33mYou have emitDecoratorMetadata enabled but @swc/core was not installed, skipping swc plugin[39m
@ubi/food-service:build: [33mESM[39m [33mYou have emitDecoratorMetadata enabled but @swc/core was not installed, skipping swc plugin[39m
@ubi/food-service:build: [34mDTS[39m Build start
@ubi/food-service:build: [32mESM[39m [1mdist\index.mjs           [22m[32m85.91 KB[39m
@ubi/food-service:build: [32mESM[39m [1mdist\prisma-XPM3U3TA.mjs [22m[32m209.00 B[39m
@ubi/food-service:build: [32mESM[39m [1mdist\chunk-2TGH7QPN.mjs  [22m[32m1.29 KB[39m
@ubi/food-service:build: [32mESM[39m ΓÜí∩╕Å Build success in 2806ms
@ubi/food-service:build: [32mCJS[39m [1mdist\index.js [22m[32m90.74 KB[39m
@ubi/food-service:build: [32mCJS[39m ΓÜí∩╕Å Build success in 2839ms
@ubi/food-service:build: [32mDTS[39m ΓÜí∩╕Å Build success in 19685ms
@ubi/food-service:build: [32mDTS[39m [1mdist\index.d.ts  [22m[32m175.00 B[39m
@ubi/food-service:build: [32mDTS[39m [1mdist\index.d.mts [22m[32m175.00 B[39m
@ubi/restaurant-portal:build: cache miss, executing 5eaaf64d2321d108
@ubi/merchant-portal:build: cache miss, executing 06fd813e81424419
@ubi/notification-service:build: cache hit, replaying logs e7f33d46a7f2a55a
@ubi/notification-service:build: 
@ubi/notification-service:build: > @ubi/notification-service@0.0.1 build C:\Projects\ubi-monorepo\services\notification-service
@ubi/notification-service:build: > tsup src/index.ts --format cjs,esm --dts --clean
@ubi/notification-service:build: 
@ubi/notification-service:build: [34mCLI[39m Building entry: src/index.ts
@ubi/notification-service:build: [34mCLI[39m Using tsconfig: tsconfig.json
@ubi/notification-service:build: [34mCLI[39m tsup v8.5.1
@ubi/notification-service:build: [34mCLI[39m Target: es2022
@ubi/notification-service:build: [34mCLI[39m Cleaning output folder
@ubi/notification-service:build: [34mCJS[39m Build start
@ubi/notification-service:build: [34mESM[39m Build start
@ubi/notification-service:build: [33mCJS[39m [33mYou have emitDecoratorMetadata enabled but @swc/core was not installed, skipping swc plugin[39m
@ubi/notification-service:build: [33mESM[39m [33mYou have emitDecoratorMetadata enabled but @swc/core was not installed, skipping swc plugin[39m
@ubi/notification-service:build: [34mDTS[39m Build start
@ubi/notification-service:build: [32mCJS[39m [1mdist\index.js [22m[32m91.15 KB[39m
@ubi/notification-service:build: [32mCJS[39m ΓÜí∩╕Å Build success in 2179ms
@ubi/notification-service:build: [32mESM[39m [1mdist\index.mjs [22m[32m86.73 KB[39m
@ubi/notification-service:build: [32mESM[39m ΓÜí∩╕Å Build success in 2180ms
@ubi/notification-service:build: [32mDTS[39m ΓÜí∩╕Å Build success in 26237ms
@ubi/notification-service:build: [32mDTS[39m [1mdist\index.d.ts  [22m[32m175.00 B[39m
@ubi/notification-service:build: [32mDTS[39m [1mdist\index.d.mts [22m[32m175.00 B[39m
@ubi/payment-service:build: cache hit, replaying logs 2e6befa706b0acc8
@ubi/payment-service:build: 
@ubi/payment-service:build: > @ubi/payment-service@0.0.1 build C:\Projects\ubi-monorepo\services\payment-service
@ubi/payment-service:build: > tsup src/index.ts --format cjs,esm --dts --clean
@ubi/payment-service:build: 
@ubi/payment-service:build: [34mCLI[39m Building entry: src/index.ts
@ubi/payment-service:build: [34mCLI[39m Using tsconfig: tsconfig.json
@ubi/payment-service:build: [34mCLI[39m tsup v8.5.1
@ubi/payment-service:build: [34mCLI[39m Target: es2022
@ubi/payment-service:build: [34mCLI[39m Cleaning output folder
@ubi/payment-service:build: [34mCJS[39m Build start
@ubi/payment-service:build: [34mESM[39m Build start
@ubi/payment-service:build: [33mCJS[39m [33mYou have emitDecoratorMetadata enabled but @swc/core was not installed, skipping swc plugin[39m
@ubi/payment-service:build: [33mESM[39m [33mYou have emitDecoratorMetadata enabled but @swc/core was not installed, skipping swc plugin[39m
@ubi/payment-service:build: [34mDTS[39m Build start
@ubi/payment-service:build: [32mCJS[39m [1mdist\index.js [22m[32m1.66 MB[39m
@ubi/payment-service:build: [32mCJS[39m ΓÜí∩╕Å Build success in 2288ms
@ubi/payment-service:build: [32mESM[39m [1mdist\chunk-LPKXO4N5.mjs    [22m[32m476.03 KB[39m
@ubi/payment-service:build: [32mESM[39m [1mdist\index.mjs             [22m[32m536.23 KB[39m
@ubi/payment-service:build: [32mESM[39m [1mdist\services-OHG3LK2M.mjs [22m[32m538.13 KB[39m
@ubi/payment-service:build: [32mESM[39m ΓÜí∩╕Å Build success in 2289ms
@ubi/payment-service:build: [32mDTS[39m ΓÜí∩╕Å Build success in 18482ms
@ubi/payment-service:build: [32mDTS[39m [1mdist\index.d.ts  [22m[32m175.00 B[39m
@ubi/payment-service:build: [32mDTS[39m [1mdist\index.d.mts [22m[32m175.00 B[39m
@ubi/marketing-site:build: 
@ubi/marketing-site:build: > @ubi/marketing-site@0.0.1 build C:\Projects\ubi-monorepo\apps\marketing-site
@ubi/marketing-site:build: > next build
@ubi/marketing-site:build: 
@ubi/fleet-portal:build: 
@ubi/fleet-portal:build: > @ubi/fleet-portal@0.0.1 build C:\Projects\ubi-monorepo\apps\fleet-portal
@ubi/fleet-portal:build: > next build
@ubi/fleet-portal:build: 
@ubi/admin-dashboard:build: 
@ubi/admin-dashboard:build: > @ubi/admin-dashboard@0.0.1 build C:\Projects\ubi-monorepo\apps\admin-dashboard
@ubi/admin-dashboard:build: > next build
@ubi/admin-dashboard:build: 
@ubi/web-app:build: 
@ubi/web-app:build: > @ubi/web-app@0.0.1 build C:\Projects\ubi-monorepo\apps\web-app
@ubi/web-app:build: > next build
@ubi/web-app:build: 
@ubi/restaurant-portal:build: 
@ubi/restaurant-portal:build: > @ubi/restaurant-portal@0.0.1 build C:\Projects\ubi-monorepo\apps\restaurant-portal
@ubi/restaurant-portal:build: > next build
@ubi/restaurant-portal:build: 
@ubi/merchant-portal:build: 
@ubi/merchant-portal:build: > @ubi/merchant-portal@0.0.1 build C:\Projects\ubi-monorepo\apps\merchant-portal
@ubi/merchant-portal:build: > next build
@ubi/merchant-portal:build: 
@ubi/web-app:build:  ΓÜá i18n configuration in next.config.mjs is unsupported in App Router.
@ubi/web-app:build: Learn more about internationalization in App Router: https://nextjs.org/docs/app/building-your-application/routing/internationalization
@ubi/web-app:build:  ΓÜá Invalid next.config.mjs options detected: 
@ubi/web-app:build:  ΓÜá     Invalid literal value, expected false at "i18n.localeDetection"
@ubi/web-app:build:  ΓÜá See more info here: https://nextjs.org/docs/messages/invalid-next-config
@ubi/restaurant-portal:build:    Γû▓ Next.js 15.5.9
@ubi/fleet-portal:build:    Γû▓ Next.js 15.5.9
@ubi/fleet-portal:build:    - Experiments (use with caution):
@ubi/fleet-portal:build:      ┬╖ optimizePackageImports
@ubi/fleet-portal:build: 
@ubi/restaurant-portal:build:    - Experiments (use with caution):
@ubi/restaurant-portal:build:      ┬╖ optimizePackageImports
@ubi/restaurant-portal:build: 
@ubi/admin-dashboard:build:    Γû▓ Next.js 15.5.9
@ubi/admin-dashboard:build:    - Experiments (use with caution):
@ubi/admin-dashboard:build:      ┬╖ optimizePackageImports
@ubi/admin-dashboard:build: 
@ubi/merchant-portal:build:    Γû▓ Next.js 15.5.9
@ubi/merchant-portal:build: 
@ubi/web-app:build:    Γû▓ Next.js 15.5.9
@ubi/web-app:build:    - Experiments (use with caution):
@ubi/web-app:build:      ┬╖ optimizePackageImports
@ubi/web-app:build: 
@ubi/marketing-site:build:    Γû▓ Next.js 15.5.9
@ubi/marketing-site:build: 
@ubi/web-app:build:    Creating an optimized production build ...
@ubi/merchant-portal:build:    Creating an optimized production build ...
@ubi/admin-dashboard:build:    Creating an optimized production build ...
@ubi/restaurant-portal:build:    Creating an optimized production build ...
@ubi/fleet-portal:build:    Creating an optimized production build ...
@ubi/marketing-site:build:    Creating an optimized production build ...
@ubi/marketing-site:build:  Γ£ô Compiled successfully in 14.6s
@ubi/marketing-site:build:    Skipping linting
@ubi/marketing-site:build:    Checking validity of types ...
@ubi/web-app:build:  Γ£ô Compiled successfully in 16.2s
@ubi/web-app:build:    Skipping linting
@ubi/web-app:build:    Checking validity of types ...
@ubi/merchant-portal:build:  Γ£ô Compiled successfully in 16.9s
@ubi/merchant-portal:build:    Skipping linting
@ubi/merchant-portal:build:    Checking validity of types ...
@ubi/restaurant-portal:build:  Γ£ô Compiled successfully in 17.4s
@ubi/restaurant-portal:build:    Skipping linting
@ubi/restaurant-portal:build:    Checking validity of types ...
@ubi/fleet-portal:build:  Γ£ô Compiled successfully in 17.9s
@ubi/fleet-portal:build:    Skipping linting
@ubi/fleet-portal:build:    Checking validity of types ...
@ubi/admin-dashboard:build:  Γ£ô Compiled successfully in 18.0s
@ubi/admin-dashboard:build:    Skipping linting
@ubi/admin-dashboard:build:    Checking validity of types ...
@ubi/web-app:build: Failed to compile.
@ubi/web-app:build: 
@ubi/web-app:build: ./src/components/shared/location-search.tsx:182:22
@ubi/web-app:build: Type error: Parameter 'e' implicitly has an 'any' type.
@ubi/web-app:build: 
@ubi/web-app:build: [0m [90m 180 |[39m           ref[33m=[39m{inputRef}
@ubi/web-app:build:  [90m 181 |[39m           value[33m=[39m{value}
@ubi/web-app:build: [31m[1m>[22m[39m[90m 182 |[39m           onChange[33m=[39m{(e) [33m=>[39m onChange(e[33m.[39mtarget[33m.[39mvalue)}
@ubi/web-app:build:  [90m     |[39m                      [31m[1m^[22m[39m
@ubi/web-app:build:  [90m 183 |[39m           onFocus[33m=[39m{() [33m=>[39m setIsFocused([36mtrue[39m)}
@ubi/web-app:build:  [90m 184 |[39m           onBlur[33m=[39m{() [33m=>[39m setTimeout(() [33m=>[39m setIsFocused([36mfalse[39m)[33m,[39m [35m200[39m)}
@ubi/web-app:build:  [90m 185 |[39m           placeholder[33m=[39m{placeholder}[0m
@ubi/marketing-site:build:    Collecting page data ...
@ubi/merchant-portal:build:    Collecting page data ...
@ubi/web-app:build: Next.js build worker exited with code: 1 and signal: null
@ubi/web-app:build: ΓÇëELIFECYCLEΓÇë Command failed with exit code 1.
@ubi/web-app:build: ERROR: command finished with error: command (C:\Projects\ubi-monorepo\apps\web-app) C:\Users\ofema\AppData\Local\pnpm\.tools\pnpm\9.14.2\bin\pnpm.CMD run 
build exited (1)
@ubi/web-app#build: command (C:\Projects\ubi-monorepo\apps\web-app) C:\Users\ofema\AppData\Local\pnpm\.tools\pnpm\9.14.2\bin\pnpm.CMD run build exited (1)

 Tasks:    15 successful, 21 total
Cached:    15 cached, 21 total
  Time:    42.533s 
Failed:    @ubi/web-app#build

 ERROR  run failed: command  exited (1)
ΓÇëELIFECYCLEΓÇë Command failed with exit code 1.
